2025-02-22 22:13:56,759 - INFO - Inicio del proceso de limpieza de datos.
2025-02-22 22:13:56,759 - INFO - Ejecutando transformaciones de datos.
2025-02-22 22:14:13,344 - INFO - Inicio del proceso de limpieza de datos.
2025-02-22 22:14:13,344 - INFO - Ejecutando transformaciones de datos.
2025-02-22 22:14:18,332 - INFO - Finalización del proceso de limpieza de datos.
2025-02-22 22:16:17,010 - INFO - Detectando outliers en la columna 'item_price'...
2025-02-22 22:16:17,454 - INFO - Detección de outliers en 'item_price' completada.
2025-02-22 22:16:17,867 - INFO - Inicio del proceso de ingeniería de características.
2025-02-22 22:16:17,867 - INFO - Ejecutando proceso completo de ingeniería de características...
2025-02-22 22:16:18,129 - INFO - Variables temporales agregadas correctamente.
2025-02-22 22:16:18,129 - INFO - Fusionando características agregadas...
2025-02-22 22:16:18,129 - INFO - Agregando ventas a nivel mensual...
2025-02-22 22:16:18,350 - INFO - Ventas agregadas correctamente a nivel mensual.
2025-02-22 22:16:18,350 - INFO - Agregando precios a nivel mensual...
2025-02-22 22:16:18,547 - INFO - Precios agregados correctamente a nivel mensual.
2025-02-22 22:16:18,547 - INFO - Agregando información de categorías a nivel mensual...
2025-02-22 22:25:55,612 - INFO - Información de categorías agregada correctamente a nivel mensual.
2025-02-22 22:25:55,948 - INFO - Características fusionadas correctamente.
2025-02-22 22:25:55,953 - INFO - Agregando características de ventas...
2025-02-22 22:25:56,555 - INFO - Características de ventas agregadas correctamente.
2025-02-22 22:25:56,555 - INFO - Agregando características de precios...
2025-02-22 22:25:56,613 - INFO - Características de precios agregadas correctamente.
2025-02-22 22:25:56,613 - INFO - Proceso de ingeniería de características completado.
2025-02-22 22:25:56,648 - INFO - Inicio del proceso de preparación de datos.
2025-02-22 22:25:56,648 - INFO - Iniciando proceso de preparación de datos...
2025-02-22 22:25:56,648 - INFO - Dividiendo los datos en entrenamiento y validación...
2025-02-22 22:25:56,694 - INFO - División de datos completada.
2025-02-22 22:25:56,694 - INFO - Aplicando pipeline de transformación de datos...
2025-02-22 22:25:56,694 - INFO - Manejando valores faltantes...
2025-02-22 22:25:56,919 - INFO - Valores faltantes manejados correctamente.
2025-02-22 22:25:56,919 - INFO - Reemplazando valores infinitos...
2025-02-22 22:25:57,148 - INFO - Valores infinitos manejados correctamente.
2025-02-22 22:25:57,148 - INFO - Eliminando variables altamente correlacionadas...
2025-02-22 22:25:57,344 - INFO - Variables eliminadas por alta correlación: ['avg_sales_per_shop_item', 'avg_price_per_shop_item']
2025-02-22 22:25:57,344 - INFO - Escalando características numéricas...
2025-02-22 22:25:57,433 - INFO - Escalamiento de características completado.
2025-02-22 22:25:57,433 - INFO - Manejando valores faltantes...
2025-02-22 22:25:57,461 - INFO - Valores faltantes manejados correctamente.
2025-02-22 22:25:57,461 - INFO - Reemplazando valores infinitos...
2025-02-22 22:25:57,493 - INFO - Valores infinitos manejados correctamente.
2025-02-22 22:25:57,497 - INFO - Escalando características numéricas...
2025-02-22 22:25:57,505 - INFO - Escalamiento de características completado.
2025-02-22 22:25:57,505 - INFO - Pipeline de transformación aplicado correctamente.
2025-02-22 22:25:57,529 - INFO - Preparación de datos completada.
2025-02-22 22:25:57,594 - INFO - Inicialización de ModelTraining con modelo random_forest
2025-02-22 22:25:57,594 - INFO - Entrenando modelo: random_forest
2025-02-22 22:39:18,450 - INFO - random_forest - RMSE en entrenamiento: 1.3880
2025-02-22 22:39:18,450 - INFO - random_forest - RMSE en validación: 8.1876
2025-02-22 22:39:18,825 - INFO - Modelo guardado en: models/random_forest_model.pkl
2025-02-22 22:39:53,367 - INFO - Predicciones completas guardadas en: models/full_predictions.csv
2025-02-22 22:39:53,368 - INFO - Mejor modelo: random_forest con RMSE en validación: 8.1876
